+ set -euo pipefail
+ : http://167.233.20.67/public
+ : https://167.233.20.67/public
+ : https://167.233.20.67/assert/udp443/not-reached
+ : http://167.233.20.67/redirect-private
+ : http://167.233.20.67/private-subresource
+ : http://167.233.20.67/private-websocket
+ : http://rebind/dns-rebind
+ : http://mixed/mixed-a-aaaa
+ : http://127.0.0.1:18080/assert
+ : https://167.233.20.67/slow-rendered
+ ns=noqori-audit
+ runner_memory_peak_max=0
+ timeout_log=
+ units=(deploy/systemd/noqori.target deploy/systemd/noqori-audit-sandbox.service deploy/systemd/noqori-audit-sandbox-verify.service deploy/systemd/noqori-audit-runner.socket deploy/systemd/noqori-audit-runner.service deploy/systemd/noqori-api.service deploy/systemd/noqori-worker.service deploy/systemd/noqori-migrate.service)
+ systemd-analyze verify deploy/systemd/noqori.target deploy/systemd/noqori-audit-sandbox.service deploy/systemd/noqori-audit-sandbox-verify.service deploy/systemd/noqori-audit-runner.socket deploy/systemd/noqori-audit-runner.service deploy/systemd/noqori-api.service deploy/systemd/noqori-worker.service deploy/systemd/noqori-migrate.service
/usr/lib/systemd/system/xfs_scrub_all.service:26: Support for option CPUAccounting= has been removed and it is ignored
/usr/lib/systemd/system/system-xfs_scrub.slice:15: Support for option CPUAccounting= has been removed and it is ignored
+ trap cleanup_acceptance_mode EXIT
+ /usr/bin/node scripts/configure-browser-sandbox-acceptance-mode.mjs enable
+ systemctl restart noqori-audit-runner.service
+ stat /run/netns/noqori-audit
+ ip netns list
+ awk '{print $1}'
+ grep -qx noqori-audit
+ nft list table netdev noqori_audit_host
+ ip netns exec noqori-audit nft list table inet noqori_audit_namespace
+ ip netns exec noqori-audit curl --fail --max-time 15 http://167.233.20.67/public
  % Total    % Received % Xferd  Average Speed  Time    Time    Time   Current
                                 Dload  Upload  Total   Spent   Left   Speed
  0      0   0      0   0      0      0      0                              0100     81 100     81   0      0   7028      0                              0100     81 100     81   0      0   6569      0                              0100     81 100     81   0      0   6512      0                              0
+ ip netns exec noqori-audit curl --fail --max-time 15 https://167.233.20.67/public
  % Total    % Received % Xferd  Average Speed  Time    Time    Time   Current
                                 Dload  Upload  Total   Spent   Left   Speed
  0      0   0      0   0      0      0      0                              0100     81 100     81   0      0   1268      0                              0100     81 100     81   0      0   1254      0                              0100     81 100     81   0      0   1248      0                              0
++ /usr/bin/node -e 'process.stdout.write(new URL(process.argv[1]).hostname)' https://167.233.20.67/public
+ quic_host=167.233.20.67
+ quic_probe_status=0
+ timeout 5s ip netns exec noqori-audit /bin/bash -c 'printf "STE12-UDP443" > "/dev/udp/$1/443"' _ 167.233.20.67
_: line 1: printf: write error: Operation not permitted
+ quic_probe_status=1
+ test 1 -eq 0
+ test 1 -eq 1
+ sleep 1
+ curl --fail --max-time 10 https://167.233.20.67/assert/udp443/not-reached
  % Total    % Received % Xferd  Average Speed  Time    Time    Time   Current
                                 Dload  Upload  Total   Spent   Left   Speed
  0      0   0      0   0      0      0      0                              0100     11 100     11   0      0    152      0                              0100     11 100     11   0      0    150      0                              0100     11 100     11   0      0    150      0                              0
+ /usr/bin/node scripts/run-isolated-audit.mjs https://167.233.20.67/public --rendered
+ audit_client_pid=4306
+ /usr/bin/node scripts/run-isolated-audit.mjs https://167.233.20.67/slow-rendered --rendered
++ wait_for_runner_pid
++ local pid state process_state
+++ seq 1 300
++ for _ in $(seq 1 300)
+++ systemctl show noqori-audit-runner.service --property=MainPID --value
++ pid=4071
+++ systemctl show noqori-audit-runner.service --property=ActiveState --value
++ state=active
++ process_state=
++ test -r /proc/4071/stat
+++ cut -d ' ' -f 3 /proc/4071/stat
++ process_state=R
++ test 4071 -gt 1
++ test active = active
++ test -n R
++ test R '!=' Z
++ printf '%s\n' 4071
++ return 0
+ runner_pid=4071
+ chrome_pid=
++ seq 1 300
+ for _ in $(seq 1 300)
++ pgrep -P 4071 -f 'chrome|chromium'
++ head -n 1
++ true
+ chrome_pid=
+ test -n ''
+ sleep 0.1
+ for _ in $(seq 1 300)
++ pgrep -P 4071 -f 'chrome|chromium'
++ head -n 1
++ true
+ chrome_pid=
+ test -n ''
+ sleep 0.1
+ for _ in $(seq 1 300)
++ pgrep -P 4071 -f 'chrome|chromium'
++ head -n 1
+ chrome_pid=4332
+ test -n 4332
+ break
+ test -n 4332
++ readlink /proc/4071/fd/3
+ rpc_listener='socket:[11566]'
+ for descriptor in /proc/${chrome_pid}/fd/*
++ readlink /proc/4332/fd/0
+ test /dev/null '!=' 'socket:[11566]'
+ for descriptor in /proc/${chrome_pid}/fd/*
++ readlink /proc/4332/fd/1
+ test /tmp/lighthouse.40B0xdw/chrome-out.log '!=' 'socket:[11566]'
+ for descriptor in /proc/${chrome_pid}/fd/*
++ readlink /proc/4332/fd/10
+ test 'pipe:[35592]' '!=' 'socket:[11566]'
+ for descriptor in /proc/${chrome_pid}/fd/*
++ readlink /proc/4332/fd/11
+ test 'socket:[35593]' '!=' 'socket:[11566]'
+ for descriptor in /proc/${chrome_pid}/fd/*
++ readlink /proc/4332/fd/12
+ test 'socket:[35595]' '!=' 'socket:[11566]'
+ for descriptor in /proc/${chrome_pid}/fd/*
++ readlink /proc/4332/fd/13
+ test 'anon_inode:[eventfd]' '!=' 'socket:[11566]'
+ for descriptor in /proc/${chrome_pid}/fd/*
++ readlink /proc/4332/fd/14
+ test 'pipe:[36108]' '!=' 'socket:[11566]'
+ for descriptor in /proc/${chrome_pid}/fd/*
++ readlink /proc/4332/fd/15
+ test 'pipe:[36108]' '!=' 'socket:[11566]'
+ for descriptor in /proc/${chrome_pid}/fd/*
++ readlink /proc/4332/fd/16
+ test 'socket:[36110]' '!=' 'socket:[11566]'
+ for descriptor in /proc/${chrome_pid}/fd/*
++ readlink /proc/4332/fd/2
+ test /tmp/lighthouse.40B0xdw/chrome-err.log '!=' 'socket:[11566]'
+ for descriptor in /proc/${chrome_pid}/fd/*
++ readlink /proc/4332/fd/3
+ test 'socket:[35573]' '!=' 'socket:[11566]'
+ for descriptor in /proc/${chrome_pid}/fd/*
++ readlink /proc/4332/fd/4
+ test 'socket:[35575]' '!=' 'socket:[11566]'
+ for descriptor in /proc/${chrome_pid}/fd/*
++ readlink /proc/4332/fd/5
+ test /opt/noqori/shared/ms-playwright/chromium-1228/chrome-linux64/icudtl.dat '!=' 'socket:[11566]'
+ for descriptor in /proc/${chrome_pid}/fd/*
++ readlink /proc/4332/fd/6
+ test 'socket:[35583]' '!=' 'socket:[11566]'
+ for descriptor in /proc/${chrome_pid}/fd/*
++ readlink /proc/4332/fd/7
+ test 'socket:[35590]' '!=' 'socket:[11566]'
+ for descriptor in /proc/${chrome_pid}/fd/*
++ readlink /proc/4332/fd/8
+ test 'socket:[35591]' '!=' 'socket:[11566]'
+ for descriptor in /proc/${chrome_pid}/fd/*
++ readlink /proc/4332/fd/9
+ test 'pipe:[35592]' '!=' 'socket:[11566]'
++ ip netns exec noqori-audit ss -ltnH
+ test -z ''
+ wait 4306
+ record_runner_memory_peak
+ local observed
++ systemctl show noqori-audit-runner.service --property=MemoryPeak --value
+ observed=607739904
+ case "$observed" in
+ test 607739904 -gt 0
+ test 607739904 -le 2147483648
+ test 607739904 -gt 0
+ runner_memory_peak_max=607739904
+ disconnect_client_pid=4546
+ /usr/bin/node scripts/run-isolated-audit.mjs https://167.233.20.67/slow-rendered --rendered
++ wait_for_runner_pid
++ local pid state process_state
+++ seq 1 300
++ for _ in $(seq 1 300)
+++ systemctl show noqori-audit-runner.service --property=MainPID --value
++ pid=4071
+++ systemctl show noqori-audit-runner.service --property=ActiveState --value
++ state=active
++ process_state=
++ test -r /proc/4071/stat
+++ cut -d ' ' -f 3 /proc/4071/stat
++ process_state=S
++ test 4071 -gt 1
++ test active = active
++ test -n S
++ test S '!=' Z
++ printf '%s\n' 4071
++ return 0
+ runner_pid=4071
++ systemctl show noqori-audit-runner.service --property=ControlGroup --value
+ runner_cgroup=/system.slice/noqori-audit-runner.service
++ seq 1 300
+ for _ in $(seq 1 300)
+ pgrep -P 4071 -f 'chrome|chromium'
+ sleep 0.1
+ for _ in $(seq 1 300)
+ pgrep -P 4071 -f 'chrome|chromium'
+ break
+ pgrep -P 4071 -f 'chrome|chromium'
+ record_runner_memory_peak
+ local observed
++ systemctl show noqori-audit-runner.service --property=MemoryPeak --value
+ observed=607739904
+ case "$observed" in
+ test 607739904 -gt 0
+ test 607739904 -le 2147483648
+ test 607739904 -gt 607739904
+ kill -TERM 4546
+ wait 4546
++ seq 1 100
+ for _ in $(seq 1 100)
+ pgrep -P 4071 -f 'chrome|chromium'
+ sleep 0.1
+ for _ in $(seq 1 100)
+ pgrep -P 4071 -f 'chrome|chromium'
+ break
+ wait_for_runner_cgroup_cleanup /system.slice/noqori-audit-runner.service 4071
+ local cgroup=/system.slice/noqori-audit-runner.service
+ local main_pid=4071
+ local processes
++ seq 1 100
+ for _ in $(seq 1 100)
++ cat /sys/fs/cgroup/system.slice/noqori-audit-runner.service/cgroup.procs
+ processes=4071
+ test 4071 = 4071
+ return 0
++ mktemp /run/noqori-audit/client-timeout.XXXXXX
+ timeout_log=/run/noqori-audit/client-timeout.fX0tUL
+ timeout_client_pid=4577
++ wait_for_runner_pid
+ /usr/bin/node scripts/run-isolated-audit.mjs https://167.233.20.67/slow-rendered --rendered --client-timeout-ms=1000
++ local pid state process_state
+++ seq 1 300
++ for _ in $(seq 1 300)
+++ systemctl show noqori-audit-runner.service --property=MainPID --value
++ pid=4071
+++ systemctl show noqori-audit-runner.service --property=ActiveState --value
++ state=active
++ process_state=
++ test -r /proc/4071/stat
+++ cut -d ' ' -f 3 /proc/4071/stat
++ process_state=S
++ test 4071 -gt 1
++ test active = active
++ test -n S
++ test S '!=' Z
++ printf '%s\n' 4071
++ return 0
+ runner_pid=4071
++ systemctl show noqori-audit-runner.service --property=ControlGroup --value
+ runner_cgroup=/system.slice/noqori-audit-runner.service
++ seq 1 300
+ for _ in $(seq 1 300)
+ pgrep -P 4071 -f 'chrome|chromium'
+ sleep 0.1
+ for _ in $(seq 1 300)
+ pgrep -P 4071 -f 'chrome|chromium'
+ break
+ pgrep -P 4071 -f 'chrome|chromium'
+ record_runner_memory_peak
+ local observed
++ systemctl show noqori-audit-runner.service --property=MemoryPeak --value
+ observed=607739904
+ case "$observed" in
+ test 607739904 -gt 0
+ test 607739904 -le 2147483648
+ test 607739904 -gt 607739904
+ wait 4577
+ grep -qx AUDIT_RUNNER_TIMEOUT /run/noqori-audit/client-timeout.fX0tUL
+ wait_for_runner_cgroup_cleanup /system.slice/noqori-audit-runner.service 4071
+ local cgroup=/system.slice/noqori-audit-runner.service
+ local main_pid=4071
+ local processes
++ seq 1 100
+ for _ in $(seq 1 100)
++ cat /sys/fs/cgroup/system.slice/noqori-audit-runner.service/cgroup.procs
+ processes=$'4071\n4596\n4598\n4600\n4604\n4605\n4610\n4641\n4644\n4664\n4702\n4727\n4728'
+ test $'4071\n4596\n4598\n4600\n4604\n4605\n4610\n4641\n4644\n4664\n4702\n4727\n4728' = 4071
+ sleep 0.1
+ for _ in $(seq 1 100)
++ cat /sys/fs/cgroup/system.slice/noqori-audit-runner.service/cgroup.procs
+ processes=4071
+ test 4071 = 4071
+ return 0
+ record_runner_memory_peak
+ local observed
++ systemctl show noqori-audit-runner.service --property=MemoryPeak --value
+ observed=607739904
+ case "$observed" in
+ test 607739904 -gt 0
+ test 607739904 -le 2147483648
+ test 607739904 -gt 607739904
+ sigterm_client_pid=4771
+ /usr/bin/node scripts/run-isolated-audit.mjs https://167.233.20.67/slow-rendered --rendered
++ wait_for_runner_pid
++ local pid state process_state
+++ seq 1 300
++ for _ in $(seq 1 300)
+++ systemctl show noqori-audit-runner.service --property=MainPID --value
++ pid=4071
+++ systemctl show noqori-audit-runner.service --property=ActiveState --value
++ state=active
++ process_state=
++ test -r /proc/4071/stat
+++ cut -d ' ' -f 3 /proc/4071/stat
++ process_state=S
++ test 4071 -gt 1
++ test active = active
++ test -n S
++ test S '!=' Z
++ printf '%s\n' 4071
++ return 0
+ runner_pid=4071
++ systemctl show noqori-audit-runner.service --property=ControlGroup --value
+ runner_cgroup=/system.slice/noqori-audit-runner.service
++ seq 1 300
+ for _ in $(seq 1 300)
+ pgrep -P 4071 -f 'chrome|chromium'
+ break
+ pgrep -P 4071 -f 'chrome|chromium'
+ record_runner_memory_peak
+ local observed
++ systemctl show noqori-audit-runner.service --property=MemoryPeak --value
+ observed=607739904
+ case "$observed" in
+ test 607739904 -gt 0
+ test 607739904 -le 2147483648
+ test 607739904 -gt 607739904
+ systemctl kill --kill-whom=main --signal=SIGTERM noqori-audit-runner.service
+ wait 4771
ISOLATED_AUDIT_FAILED
++ seq 1 100
+ for _ in $(seq 1 100)
+ test '!' -s /sys/fs/cgroup/system.slice/noqori-audit-runner.service/cgroup.procs
+ break
+ test '!' -s /sys/fs/cgroup/system.slice/noqori-audit-runner.service/cgroup.procs
+ sigint_client_pid=4803
+ /usr/bin/node scripts/run-isolated-audit.mjs https://167.233.20.67/slow-rendered --rendered
++ wait_for_runner_pid
++ local pid state process_state
+++ seq 1 300
++ for _ in $(seq 1 300)
+++ systemctl show noqori-audit-runner.service --property=MainPID --value
++ pid=4071
+++ systemctl show noqori-audit-runner.service --property=ActiveState --value
++ state=active
++ process_state=
++ test -r /proc/4071/stat
+++ cut -d ' ' -f 3 /proc/4071/stat
+++ true
++ process_state=
++ test 4071 -gt 1
++ test active = active
++ test -n ''
++ sleep 0.1
++ for _ in $(seq 1 300)
+++ systemctl show noqori-audit-runner.service --property=MainPID --value
++ pid=0
+++ systemctl show noqori-audit-runner.service --property=ActiveState --value
++ state=inactive
++ process_state=
++ test -r /proc/0/stat
++ test 0 -gt 1
++ sleep 0.1
++ for _ in $(seq 1 300)
+++ systemctl show noqori-audit-runner.service --property=MainPID --value
++ pid=0
+++ systemctl show noqori-audit-runner.service --property=ActiveState --value
++ state=inactive
++ process_state=
++ test -r /proc/0/stat
++ test 0 -gt 1
++ sleep 0.1
++ for _ in $(seq 1 300)
+++ systemctl show noqori-audit-runner.service --property=MainPID --value
++ pid=0
+++ systemctl show noqori-audit-runner.service --property=ActiveState --value
++ state=inactive
++ process_state=
++ test -r /proc/0/stat
++ test 0 -gt 1
++ sleep 0.1
++ for _ in $(seq 1 300)
+++ systemctl show noqori-audit-runner.service --property=MainPID --value
++ pid=0
+++ systemctl show noqori-audit-runner.service --property=ActiveState --value
++ state=inactive
++ process_state=
++ test -r /proc/0/stat
++ test 0 -gt 1
++ sleep 0.1
++ for _ in $(seq 1 300)
+++ systemctl show noqori-audit-runner.service --property=MainPID --value
++ pid=0
+++ systemctl show noqori-audit-runner.service --property=ActiveState --value
++ state=inactive
++ process_state=
++ test -r /proc/0/stat
++ test 0 -gt 1
++ sleep 0.1
++ for _ in $(seq 1 300)
+++ systemctl show noqori-audit-runner.service --property=MainPID --value
++ pid=0
+++ systemctl show noqori-audit-runner.service --property=ActiveState --value
++ state=inactive
++ process_state=
++ test -r /proc/0/stat
++ test 0 -gt 1
++ sleep 0.1
++ for _ in $(seq 1 300)
+++ systemctl show noqori-audit-runner.service --property=MainPID --value
++ pid=0
+++ systemctl show noqori-audit-runner.service --property=ActiveState --value
++ state=inactive
++ process_state=
++ test -r /proc/0/stat
++ test 0 -gt 1
++ sleep 0.1
++ for _ in $(seq 1 300)
+++ systemctl show noqori-audit-runner.service --property=MainPID --value
++ pid=0
+++ systemctl show noqori-audit-runner.service --property=ActiveState --value
++ state=inactive
++ process_state=
++ test -r /proc/0/stat
++ test 0 -gt 1
++ sleep 0.1
++ for _ in $(seq 1 300)
+++ systemctl show noqori-audit-runner.service --property=MainPID --value
++ pid=0
+++ systemctl show noqori-audit-runner.service --property=ActiveState --value
++ state=inactive
++ process_state=
++ test -r /proc/0/stat
++ test 0 -gt 1
++ sleep 0.1
++ for _ in $(seq 1 300)
+++ systemctl show noqori-audit-runner.service --property=MainPID --value
++ pid=0
+++ systemctl show noqori-audit-runner.service --property=ActiveState --value
++ state=inactive
++ process_state=
++ test -r /proc/0/stat
++ test 0 -gt 1
++ sleep 0.1
++ for _ in $(seq 1 300)
+++ systemctl show noqori-audit-runner.service --property=MainPID --value
++ pid=0
+++ systemctl show noqori-audit-runner.service --property=ActiveState --value
++ state=inactive
++ process_state=
++ test -r /proc/0/stat
++ test 0 -gt 1
++ sleep 0.1
++ for _ in $(seq 1 300)
+++ systemctl show noqori-audit-runner.service --property=MainPID --value
++ pid=0
+++ systemctl show noqori-audit-runner.service --property=ActiveState --value
++ state=inactive
++ process_state=
++ test -r /proc/0/stat
++ test 0 -gt 1
++ sleep 0.1
++ for _ in $(seq 1 300)
+++ systemctl show noqori-audit-runner.service --property=MainPID --value
++ pid=0
+++ systemctl show noqori-audit-runner.service --property=ActiveState --value
++ state=inactive
++ process_state=
++ test -r /proc/0/stat
++ test 0 -gt 1
++ sleep 0.1
++ for _ in $(seq 1 300)
+++ systemctl show noqori-audit-runner.service --property=MainPID --value
++ pid=0
+++ systemctl show noqori-audit-runner.service --property=ActiveState --value
++ state=inactive
++ process_state=
++ test -r /proc/0/stat
++ test 0 -gt 1
++ sleep 0.1
++ for _ in $(seq 1 300)
+++ systemctl show noqori-audit-runner.service --property=MainPID --value
++ pid=0
+++ systemctl show noqori-audit-runner.service --property=ActiveState --value
++ state=inactive
++ process_state=
++ test -r /proc/0/stat
++ test 0 -gt 1
++ sleep 0.1
++ for _ in $(seq 1 300)
+++ systemctl show noqori-audit-runner.service --property=MainPID --value
++ pid=0
+++ systemctl show noqori-audit-runner.service --property=ActiveState --value
++ state=inactive
++ process_state=
++ test -r /proc/0/stat
++ test 0 -gt 1
++ sleep 0.1
++ for _ in $(seq 1 300)
+++ systemctl show noqori-audit-runner.service --property=MainPID --value
++ pid=0
+++ systemctl show noqori-audit-runner.service --property=ActiveState --value
++ state=inactive
++ process_state=
++ test -r /proc/0/stat
++ test 0 -gt 1
++ sleep 0.1
++ for _ in $(seq 1 300)
+++ systemctl show noqori-audit-runner.service --property=MainPID --value
++ pid=0
+++ systemctl show noqori-audit-runner.service --property=ActiveState --value
++ state=inactive
++ process_state=
++ test -r /proc/0/stat
++ test 0 -gt 1
++ sleep 0.1
++ for _ in $(seq 1 300)
+++ systemctl show noqori-audit-runner.service --property=MainPID --value
++ pid=0
+++ systemctl show noqori-audit-runner.service --property=ActiveState --value
++ state=inactive
++ process_state=
++ test -r /proc/0/stat
++ test 0 -gt 1
++ sleep 0.1
++ for _ in $(seq 1 300)
+++ systemctl show noqori-audit-runner.service --property=MainPID --value
++ pid=0
+++ systemctl show noqori-audit-runner.service --property=ActiveState --value
++ state=inactive
++ process_state=
++ test -r /proc/0/stat
++ test 0 -gt 1
++ sleep 0.1
++ for _ in $(seq 1 300)
+++ systemctl show noqori-audit-runner.service --property=MainPID --value
++ pid=0
+++ systemctl show noqori-audit-runner.service --property=ActiveState --value
++ state=inactive
++ process_state=
++ test -r /proc/0/stat
++ test 0 -gt 1
++ sleep 0.1
++ for _ in $(seq 1 300)
+++ systemctl show noqori-audit-runner.service --property=MainPID --value
++ pid=0
+++ systemctl show noqori-audit-runner.service --property=ActiveState --value
++ state=inactive
++ process_state=
++ test -r /proc/0/stat
++ test 0 -gt 1
++ sleep 0.1
++ for _ in $(seq 1 300)
+++ systemctl show noqori-audit-runner.service --property=MainPID --value
++ pid=0
+++ systemctl show noqori-audit-runner.service --property=ActiveState --value
++ state=inactive
++ process_state=
++ test -r /proc/0/stat
++ test 0 -gt 1
++ sleep 0.1
++ for _ in $(seq 1 300)
+++ systemctl show noqori-audit-runner.service --property=MainPID --value
++ pid=0
+++ systemctl show noqori-audit-runner.service --property=ActiveState --value
++ state=inactive
++ process_state=
++ test -r /proc/0/stat
++ test 0 -gt 1
++ sleep 0.1
++ for _ in $(seq 1 300)
+++ systemctl show noqori-audit-runner.service --property=MainPID --value
++ pid=0
+++ systemctl show noqori-audit-runner.service --property=ActiveState --value
++ state=inactive
++ process_state=
++ test -r /proc/0/stat
++ test 0 -gt 1
++ sleep 0.1
++ for _ in $(seq 1 300)
+++ systemctl show noqori-audit-runner.service --property=MainPID --value
++ pid=0
+++ systemctl show noqori-audit-runner.service --property=ActiveState --value
++ state=inactive
++ process_state=
++ test -r /proc/0/stat
++ test 0 -gt 1
++ sleep 0.1
++ for _ in $(seq 1 300)
+++ systemctl show noqori-audit-runner.service --property=MainPID --value
++ pid=0
+++ systemctl show noqori-audit-runner.service --property=ActiveState --value
++ state=inactive
++ process_state=
++ test -r /proc/0/stat
++ test 0 -gt 1
++ sleep 0.1
++ for _ in $(seq 1 300)
+++ systemctl show noqori-audit-runner.service --property=MainPID --value
++ pid=0
+++ systemctl show noqori-audit-runner.service --property=ActiveState --value
++ state=inactive
++ process_state=
++ test -r /proc/0/stat
++ test 0 -gt 1
++ sleep 0.1
++ for _ in $(seq 1 300)
+++ systemctl show noqori-audit-runner.service --property=MainPID --value
++ pid=0
+++ systemctl show noqori-audit-runner.service --property=ActiveState --value
++ state=inactive
++ process_state=
++ test -r /proc/0/stat
++ test 0 -gt 1
++ sleep 0.1
++ for _ in $(seq 1 300)
+++ systemctl show noqori-audit-runner.service --property=MainPID --value
++ pid=0
+++ systemctl show noqori-audit-runner.service --property=ActiveState --value
++ state=inactive
++ process_state=
++ test -r /proc/0/stat
++ test 0 -gt 1
++ sleep 0.1
++ for _ in $(seq 1 300)
+++ systemctl show noqori-audit-runner.service --property=MainPID --value
++ pid=0
+++ systemctl show noqori-audit-runner.service --property=ActiveState --value
++ state=inactive
++ process_state=
++ test -r /proc/0/stat
++ test 0 -gt 1
++ sleep 0.1
++ for _ in $(seq 1 300)
+++ systemctl show noqori-audit-runner.service --property=MainPID --value
++ pid=0
+++ systemctl show noqori-audit-runner.service --property=ActiveState --value
++ state=inactive
++ process_state=
++ test -r /proc/0/stat
++ test 0 -gt 1
++ sleep 0.1
++ for _ in $(seq 1 300)
+++ systemctl show noqori-audit-runner.service --property=MainPID --value
++ pid=0
+++ systemctl show noqori-audit-runner.service --property=ActiveState --value
++ state=inactive
++ process_state=
++ test -r /proc/0/stat
++ test 0 -gt 1
++ sleep 0.1
++ for _ in $(seq 1 300)
+++ systemctl show noqori-audit-runner.service --property=MainPID --value
++ pid=0
+++ systemctl show noqori-audit-runner.service --property=ActiveState --value
++ state=inactive
++ process_state=
++ test -r /proc/0/stat
++ test 0 -gt 1
++ sleep 0.1
++ for _ in $(seq 1 300)
+++ systemctl show noqori-audit-runner.service --property=MainPID --value
++ pid=0
+++ systemctl show noqori-audit-runner.service --property=ActiveState --value
++ state=inactive
++ process_state=
++ test -r /proc/0/stat
++ test 0 -gt 1
++ sleep 0.1
++ for _ in $(seq 1 300)
+++ systemctl show noqori-audit-runner.service --property=MainPID --value
++ pid=0
+++ systemctl show noqori-audit-runner.service --property=ActiveState --value
++ state=inactive
++ process_state=
++ test -r /proc/0/stat
++ test 0 -gt 1
++ sleep 0.1
++ for _ in $(seq 1 300)
+++ systemctl show noqori-audit-runner.service --property=MainPID --value
++ pid=0
+++ systemctl show noqori-audit-runner.service --property=ActiveState --value
++ state=inactive
++ process_state=
++ test -r /proc/0/stat
++ test 0 -gt 1
++ sleep 0.1
++ for _ in $(seq 1 300)
+++ systemctl show noqori-audit-runner.service --property=MainPID --value
++ pid=0
+++ systemctl show noqori-audit-runner.service --property=ActiveState --value
++ state=inactive
++ process_state=
++ test -r /proc/0/stat
++ test 0 -gt 1
++ sleep 0.1
++ for _ in $(seq 1 300)
+++ systemctl show noqori-audit-runner.service --property=MainPID --value
++ pid=0
+++ systemctl show noqori-audit-runner.service --property=ActiveState --value
++ state=inactive
++ process_state=
++ test -r /proc/0/stat
++ test 0 -gt 1
++ sleep 0.1
++ for _ in $(seq 1 300)
+++ systemctl show noqori-audit-runner.service --property=MainPID --value
++ pid=0
+++ systemctl show noqori-audit-runner.service --property=ActiveState --value
++ state=inactive
++ process_state=
++ test -r /proc/0/stat
++ test 0 -gt 1
++ sleep 0.1
++ for _ in $(seq 1 300)
+++ systemctl show noqori-audit-runner.service --property=MainPID --value
++ pid=0
+++ systemctl show noqori-audit-runner.service --property=ActiveState --value
++ state=inactive
++ process_state=
++ test -r /proc/0/stat
++ test 0 -gt 1
++ sleep 0.1
++ for _ in $(seq 1 300)
+++ systemctl show noqori-audit-runner.service --property=MainPID --value
++ pid=0
+++ systemctl show noqori-audit-runner.service --property=ActiveState --value
++ state=inactive
++ process_state=
++ test -r /proc/0/stat
++ test 0 -gt 1
++ sleep 0.1
++ for _ in $(seq 1 300)
+++ systemctl show noqori-audit-runner.service --property=MainPID --value
++ pid=0
+++ systemctl show noqori-audit-runner.service --property=ActiveState --value
++ state=inactive
++ process_state=
++ test -r /proc/0/stat
++ test 0 -gt 1
++ sleep 0.1
++ for _ in $(seq 1 300)
+++ systemctl show noqori-audit-runner.service --property=MainPID --value
++ pid=0
+++ systemctl show noqori-audit-runner.service --property=ActiveState --value
++ state=inactive
++ process_state=
++ test -r /proc/0/stat
++ test 0 -gt 1
++ sleep 0.1
++ for _ in $(seq 1 300)
+++ systemctl show noqori-audit-runner.service --property=MainPID --value
++ pid=0
+++ systemctl show noqori-audit-runner.service --property=ActiveState --value
++ state=inactive
++ process_state=
++ test -r /proc/0/stat
++ test 0 -gt 1
++ sleep 0.1
++ for _ in $(seq 1 300)
+++ systemctl show noqori-audit-runner.service --property=MainPID --value
++ pid=0
+++ systemctl show noqori-audit-runner.service --property=ActiveState --value
++ state=inactive
++ process_state=
++ test -r /proc/0/stat
++ test 0 -gt 1
++ sleep 0.1
++ for _ in $(seq 1 300)
+++ systemctl show noqori-audit-runner.service --property=MainPID --value
++ pid=0
+++ systemctl show noqori-audit-runner.service --property=ActiveState --value
++ state=inactive
++ process_state=
++ test -r /proc/0/stat
++ test 0 -gt 1
++ sleep 0.1
++ for _ in $(seq 1 300)
+++ systemctl show noqori-audit-runner.service --property=MainPID --value
++ pid=0
+++ systemctl show noqori-audit-runner.service --property=ActiveState --value
++ state=inactive
++ process_state=
++ test -r /proc/0/stat
++ test 0 -gt 1
++ sleep 0.1
++ for _ in $(seq 1 300)
+++ systemctl show noqori-audit-runner.service --property=MainPID --value
++ pid=0
+++ systemctl show noqori-audit-runner.service --property=ActiveState --value
++ state=inactive
++ process_state=
++ test -r /proc/0/stat
++ test 0 -gt 1
++ sleep 0.1
++ for _ in $(seq 1 300)
+++ systemctl show noqori-audit-runner.service --property=MainPID --value
++ pid=0
+++ systemctl show noqori-audit-runner.service --property=ActiveState --value
++ state=inactive
++ process_state=
++ test -r /proc/0/stat
++ test 0 -gt 1
++ sleep 0.1
++ for _ in $(seq 1 300)
+++ systemctl show noqori-audit-runner.service --property=MainPID --value
++ pid=0
+++ systemctl show noqori-audit-runner.service --property=ActiveState --value
++ state=inactive
++ process_state=
++ test -r /proc/0/stat
++ test 0 -gt 1
++ sleep 0.1
++ for _ in $(seq 1 300)
+++ systemctl show noqori-audit-runner.service --property=MainPID --value
++ pid=0
+++ systemctl show noqori-audit-runner.service --property=ActiveState --value
++ state=inactive
++ process_state=
++ test -r /proc/0/stat
++ test 0 -gt 1
++ sleep 0.1
++ for _ in $(seq 1 300)
+++ systemctl show noqori-audit-runner.service --property=MainPID --value
++ pid=0
+++ systemctl show noqori-audit-runner.service --property=ActiveState --value
++ state=inactive
++ process_state=
++ test -r /proc/0/stat
++ test 0 -gt 1
++ sleep 0.1
++ for _ in $(seq 1 300)
+++ systemctl show noqori-audit-runner.service --property=MainPID --value
++ pid=0
+++ systemctl show noqori-audit-runner.service --property=ActiveState --value
++ state=inactive
++ process_state=
++ test -r /proc/0/stat
++ test 0 -gt 1
++ sleep 0.1
++ for _ in $(seq 1 300)
+++ systemctl show noqori-audit-runner.service --property=MainPID --value
++ pid=0
+++ systemctl show noqori-audit-runner.service --property=ActiveState --value
++ state=inactive
++ process_state=
++ test -r /proc/0/stat
++ test 0 -gt 1
++ sleep 0.1
++ for _ in $(seq 1 300)
+++ systemctl show noqori-audit-runner.service --property=MainPID --value
++ pid=0
+++ systemctl show noqori-audit-runner.service --property=ActiveState --value
++ state=inactive
++ process_state=
++ test -r /proc/0/stat
++ test 0 -gt 1
++ sleep 0.1
++ for _ in $(seq 1 300)
+++ systemctl show noqori-audit-runner.service --property=MainPID --value
++ pid=0
+++ systemctl show noqori-audit-runner.service --property=ActiveState --value
++ state=inactive
++ process_state=
++ test -r /proc/0/stat
++ test 0 -gt 1
++ sleep 0.1
++ for _ in $(seq 1 300)
+++ systemctl show noqori-audit-runner.service --property=MainPID --value
++ pid=0
+++ systemctl show noqori-audit-runner.service --property=ActiveState --value
++ state=inactive
++ process_state=
++ test -r /proc/0/stat
++ test 0 -gt 1
++ sleep 0.1
++ for _ in $(seq 1 300)
+++ systemctl show noqori-audit-runner.service --property=MainPID --value
++ pid=0
+++ systemctl show noqori-audit-runner.service --property=ActiveState --value
++ state=inactive
++ process_state=
++ test -r /proc/0/stat
++ test 0 -gt 1
++ sleep 0.1
++ for _ in $(seq 1 300)
+++ systemctl show noqori-audit-runner.service --property=MainPID --value
++ pid=0
+++ systemctl show noqori-audit-runner.service --property=ActiveState --value
++ state=inactive
++ process_state=
++ test -r /proc/0/stat
++ test 0 -gt 1
++ sleep 0.1
++ for _ in $(seq 1 300)
+++ systemctl show noqori-audit-runner.service --property=MainPID --value
++ pid=0
+++ systemctl show noqori-audit-runner.service --property=ActiveState --value
++ state=inactive
++ process_state=
++ test -r /proc/0/stat
++ test 0 -gt 1
++ sleep 0.1
++ for _ in $(seq 1 300)
+++ systemctl show noqori-audit-runner.service --property=MainPID --value
++ pid=0
+++ systemctl show noqori-audit-runner.service --property=ActiveState --value
++ state=inactive
++ process_state=
++ test -r /proc/0/stat
++ test 0 -gt 1
++ sleep 0.1
++ for _ in $(seq 1 300)
+++ systemctl show noqori-audit-runner.service --property=MainPID --value
++ pid=0
+++ systemctl show noqori-audit-runner.service --property=ActiveState --value
++ state=inactive
++ process_state=
++ test -r /proc/0/stat
++ test 0 -gt 1
++ sleep 0.1
++ for _ in $(seq 1 300)
+++ systemctl show noqori-audit-runner.service --property=MainPID --value
++ pid=0
+++ systemctl show noqori-audit-runner.service --property=ActiveState --value
++ state=inactive
++ process_state=
++ test -r /proc/0/stat
++ test 0 -gt 1
++ sleep 0.1
++ for _ in $(seq 1 300)
+++ systemctl show noqori-audit-runner.service --property=MainPID --value
++ pid=0
+++ systemctl show noqori-audit-runner.service --property=ActiveState --value
++ state=inactive
++ process_state=
++ test -r /proc/0/stat
++ test 0 -gt 1
++ sleep 0.1
++ for _ in $(seq 1 300)
+++ systemctl show noqori-audit-runner.service --property=MainPID --value
++ pid=0
+++ systemctl show noqori-audit-runner.service --property=ActiveState --value
++ state=inactive
++ process_state=
++ test -r /proc/0/stat
++ test 0 -gt 1
++ sleep 0.1
++ for _ in $(seq 1 300)
+++ systemctl show noqori-audit-runner.service --property=MainPID --value
++ pid=0
+++ systemctl show noqori-audit-runner.service --property=ActiveState --value
++ state=inactive
++ process_state=
++ test -r /proc/0/stat
++ test 0 -gt 1
++ sleep 0.1
++ for _ in $(seq 1 300)
+++ systemctl show noqori-audit-runner.service --property=MainPID --value
++ pid=0
+++ systemctl show noqori-audit-runner.service --property=ActiveState --value
++ state=inactive
++ process_state=
++ test -r /proc/0/stat
++ test 0 -gt 1
++ sleep 0.1
++ for _ in $(seq 1 300)
+++ systemctl show noqori-audit-runner.service --property=MainPID --value
++ pid=0
+++ systemctl show noqori-audit-runner.service --property=ActiveState --value
++ state=inactive
++ process_state=
++ test -r /proc/0/stat
++ test 0 -gt 1
++ sleep 0.1
++ for _ in $(seq 1 300)
+++ systemctl show noqori-audit-runner.service --property=MainPID --value
++ pid=0
+++ systemctl show noqori-audit-runner.service --property=ActiveState --value
++ state=inactive
++ process_state=
++ test -r /proc/0/stat
++ test 0 -gt 1
++ sleep 0.1
++ for _ in $(seq 1 300)
+++ systemctl show noqori-audit-runner.service --property=MainPID --value
++ pid=0
+++ systemctl show noqori-audit-runner.service --property=ActiveState --value
++ state=inactive
++ process_state=
++ test -r /proc/0/stat
++ test 0 -gt 1
++ sleep 0.1
++ for _ in $(seq 1 300)
+++ systemctl show noqori-audit-runner.service --property=MainPID --value
++ pid=0
+++ systemctl show noqori-audit-runner.service --property=ActiveState --value
++ state=inactive
++ process_state=
++ test -r /proc/0/stat
++ test 0 -gt 1
++ sleep 0.1
++ for _ in $(seq 1 300)
+++ systemctl show noqori-audit-runner.service --property=MainPID --value
++ pid=0
+++ systemctl show noqori-audit-runner.service --property=ActiveState --value
++ state=activating
++ process_state=
++ test -r /proc/0/stat
++ test 0 -gt 1
++ sleep 0.1
++ for _ in $(seq 1 300)
+++ systemctl show noqori-audit-runner.service --property=MainPID --value
++ pid=0
+++ systemctl show noqori-audit-runner.service --property=ActiveState --value
++ state=activating
++ process_state=
++ test -r /proc/0/stat
++ test 0 -gt 1
++ sleep 0.1
++ for _ in $(seq 1 300)
+++ systemctl show noqori-audit-runner.service --property=MainPID --value
++ pid=0
+++ systemctl show noqori-audit-runner.service --property=ActiveState --value
++ state=activating
++ process_state=
++ test -r /proc/0/stat
++ test 0 -gt 1
++ sleep 0.1
++ for _ in $(seq 1 300)
+++ systemctl show noqori-audit-runner.service --property=MainPID --value
++ pid=0
+++ systemctl show noqori-audit-runner.service --property=ActiveState --value
++ state=activating
++ process_state=
++ test -r /proc/0/stat
++ test 0 -gt 1
++ sleep 0.1
++ for _ in $(seq 1 300)
+++ systemctl show noqori-audit-runner.service --property=MainPID --value
++ pid=0
+++ systemctl show noqori-audit-runner.service --property=ActiveState --value
++ state=activating
++ process_state=
++ test -r /proc/0/stat
++ test 0 -gt 1
++ sleep 0.1
++ for _ in $(seq 1 300)
+++ systemctl show noqori-audit-runner.service --property=MainPID --value
++ pid=0
+++ systemctl show noqori-audit-runner.service --property=ActiveState --value
++ state=activating
++ process_state=
++ test -r /proc/0/stat
++ test 0 -gt 1
++ sleep 0.1
++ for _ in $(seq 1 300)
+++ systemctl show noqori-audit-runner.service --property=MainPID --value
++ pid=5108
+++ systemctl show noqori-audit-runner.service --property=ActiveState --value
++ state=active
++ process_state=
++ test -r /proc/5108/stat
+++ cut -d ' ' -f 3 /proc/5108/stat
++ process_state=R
++ test 5108 -gt 1
++ test active = active
++ test -n R
++ test R '!=' Z
++ printf '%s\n' 5108
++ return 0
+ runner_pid=5108
++ systemctl show noqori-audit-runner.service --property=ControlGroup --value
+ runner_cgroup=/system.slice/noqori-audit-runner.service
++ seq 1 300
+ for _ in $(seq 1 300)
+ pgrep -P 5108 -f 'chrome|chromium'
+ sleep 0.1
+ for _ in $(seq 1 300)
+ pgrep -P 5108 -f 'chrome|chromium'
+ sleep 0.1
+ for _ in $(seq 1 300)
+ pgrep -P 5108 -f 'chrome|chromium'
+ sleep 0.1
+ for _ in $(seq 1 300)
+ pgrep -P 5108 -f 'chrome|chromium'
+ sleep 0.1
+ for _ in $(seq 1 300)
+ pgrep -P 5108 -f 'chrome|chromium'
+ sleep 0.1
+ for _ in $(seq 1 300)
+ pgrep -P 5108 -f 'chrome|chromium'
+ sleep 0.1
+ for _ in $(seq 1 300)
+ pgrep -P 5108 -f 'chrome|chromium'
+ sleep 0.1
+ for _ in $(seq 1 300)
+ pgrep -P 5108 -f 'chrome|chromium'
+ sleep 0.1
+ for _ in $(seq 1 300)
+ pgrep -P 5108 -f 'chrome|chromium'
+ sleep 0.1
+ for _ in $(seq 1 300)
+ pgrep -P 5108 -f 'chrome|chromium'
+ sleep 0.1
+ for _ in $(seq 1 300)
+ pgrep -P 5108 -f 'chrome|chromium'
+ sleep 0.1
+ for _ in $(seq 1 300)
+ pgrep -P 5108 -f 'chrome|chromium'
+ sleep 0.1
+ for _ in $(seq 1 300)
+ pgrep -P 5108 -f 'chrome|chromium'
+ sleep 0.1
+ for _ in $(seq 1 300)
+ pgrep -P 5108 -f 'chrome|chromium'
+ sleep 0.1
+ for _ in $(seq 1 300)
+ pgrep -P 5108 -f 'chrome|chromium'
+ sleep 0.1
+ for _ in $(seq 1 300)
+ pgrep -P 5108 -f 'chrome|chromium'
+ sleep 0.1
+ for _ in $(seq 1 300)
+ pgrep -P 5108 -f 'chrome|chromium'
+ sleep 0.1
+ for _ in $(seq 1 300)
+ pgrep -P 5108 -f 'chrome|chromium'
+ sleep 0.1
+ for _ in $(seq 1 300)
+ pgrep -P 5108 -f 'chrome|chromium'
+ sleep 0.1
+ for _ in $(seq 1 300)
+ pgrep -P 5108 -f 'chrome|chromium'
+ sleep 0.1
+ for _ in $(seq 1 300)
+ pgrep -P 5108 -f 'chrome|chromium'
+ sleep 0.1
+ for _ in $(seq 1 300)
+ pgrep -P 5108 -f 'chrome|chromium'
+ sleep 0.1
+ for _ in $(seq 1 300)
+ pgrep -P 5108 -f 'chrome|chromium'
+ sleep 0.1
+ for _ in $(seq 1 300)
+ pgrep -P 5108 -f 'chrome|chromium'
+ sleep 0.1
+ for _ in $(seq 1 300)
+ pgrep -P 5108 -f 'chrome|chromium'
+ sleep 0.1
+ for _ in $(seq 1 300)
+ pgrep -P 5108 -f 'chrome|chromium'
+ sleep 0.1
+ for _ in $(seq 1 300)
+ pgrep -P 5108 -f 'chrome|chromium'
+ sleep 0.1
+ for _ in $(seq 1 300)
+ pgrep -P 5108 -f 'chrome|chromium'
+ sleep 0.1
+ for _ in $(seq 1 300)
+ pgrep -P 5108 -f 'chrome|chromium'
+ sleep 0.1
+ for _ in $(seq 1 300)
+ pgrep -P 5108 -f 'chrome|chromium'
+ sleep 0.1
+ for _ in $(seq 1 300)
+ pgrep -P 5108 -f 'chrome|chromium'
+ sleep 0.1
+ for _ in $(seq 1 300)
+ pgrep -P 5108 -f 'chrome|chromium'
+ sleep 0.1
+ for _ in $(seq 1 300)
+ pgrep -P 5108 -f 'chrome|chromium'
+ sleep 0.1
+ for _ in $(seq 1 300)
+ pgrep -P 5108 -f 'chrome|chromium'
+ sleep 0.1
+ for _ in $(seq 1 300)
+ pgrep -P 5108 -f 'chrome|chromium'
+ sleep 0.1
+ for _ in $(seq 1 300)
+ pgrep -P 5108 -f 'chrome|chromium'
+ sleep 0.1
+ for _ in $(seq 1 300)
+ pgrep -P 5108 -f 'chrome|chromium'
+ sleep 0.1
+ for _ in $(seq 1 300)
+ pgrep -P 5108 -f 'chrome|chromium'
+ sleep 0.1
+ for _ in $(seq 1 300)
+ pgrep -P 5108 -f 'chrome|chromium'
+ sleep 0.1
+ for _ in $(seq 1 300)
+ pgrep -P 5108 -f 'chrome|chromium'
+ sleep 0.1
+ for _ in $(seq 1 300)
+ pgrep -P 5108 -f 'chrome|chromium'
+ sleep 0.1
+ for _ in $(seq 1 300)
+ pgrep -P 5108 -f 'chrome|chromium'
+ sleep 0.1
+ for _ in $(seq 1 300)
+ pgrep -P 5108 -f 'chrome|chromium'
+ sleep 0.1
+ for _ in $(seq 1 300)
+ pgrep -P 5108 -f 'chrome|chromium'
+ sleep 0.1
+ for _ in $(seq 1 300)
+ pgrep -P 5108 -f 'chrome|chromium'
+ sleep 0.1
+ for _ in $(seq 1 300)
+ pgrep -P 5108 -f 'chrome|chromium'
+ sleep 0.1
+ for _ in $(seq 1 300)
+ pgrep -P 5108 -f 'chrome|chromium'
+ sleep 0.1
+ for _ in $(seq 1 300)
+ pgrep -P 5108 -f 'chrome|chromium'
+ sleep 0.1
+ for _ in $(seq 1 300)
+ pgrep -P 5108 -f 'chrome|chromium'
+ sleep 0.1
+ for _ in $(seq 1 300)
+ pgrep -P 5108 -f 'chrome|chromium'
+ sleep 0.1
+ for _ in $(seq 1 300)
+ pgrep -P 5108 -f 'chrome|chromium'
+ sleep 0.1
+ for _ in $(seq 1 300)
+ pgrep -P 5108 -f 'chrome|chromium'
+ sleep 0.1
+ for _ in $(seq 1 300)
+ pgrep -P 5108 -f 'chrome|chromium'
+ sleep 0.1
+ for _ in $(seq 1 300)
+ pgrep -P 5108 -f 'chrome|chromium'
+ sleep 0.1
+ for _ in $(seq 1 300)
+ pgrep -P 5108 -f 'chrome|chromium'
+ sleep 0.1
+ for _ in $(seq 1 300)
+ pgrep -P 5108 -f 'chrome|chromium'
+ sleep 0.1
+ for _ in $(seq 1 300)
+ pgrep -P 5108 -f 'chrome|chromium'
+ sleep 0.1
+ for _ in $(seq 1 300)
+ pgrep -P 5108 -f 'chrome|chromium'
+ sleep 0.1
+ for _ in $(seq 1 300)
+ pgrep -P 5108 -f 'chrome|chromium'
+ sleep 0.1
+ for _ in $(seq 1 300)
+ pgrep -P 5108 -f 'chrome|chromium'
+ sleep 0.1
+ for _ in $(seq 1 300)
+ pgrep -P 5108 -f 'chrome|chromium'
+ sleep 0.1
+ for _ in $(seq 1 300)
+ pgrep -P 5108 -f 'chrome|chromium'
+ sleep 0.1
+ for _ in $(seq 1 300)
+ pgrep -P 5108 -f 'chrome|chromium'
+ sleep 0.1
+ for _ in $(seq 1 300)
+ pgrep -P 5108 -f 'chrome|chromium'
+ sleep 0.1
+ for _ in $(seq 1 300)
+ pgrep -P 5108 -f 'chrome|chromium'
+ sleep 0.1
+ for _ in $(seq 1 300)
+ pgrep -P 5108 -f 'chrome|chromium'
+ sleep 0.1
+ for _ in $(seq 1 300)
+ pgrep -P 5108 -f 'chrome|chromium'
+ sleep 0.1
+ for _ in $(seq 1 300)
+ pgrep -P 5108 -f 'chrome|chromium'
+ sleep 0.1
+ for _ in $(seq 1 300)
+ pgrep -P 5108 -f 'chrome|chromium'
+ sleep 0.1
+ for _ in $(seq 1 300)
+ pgrep -P 5108 -f 'chrome|chromium'
+ sleep 0.1
+ for _ in $(seq 1 300)
+ pgrep -P 5108 -f 'chrome|chromium'
+ sleep 0.1
+ for _ in $(seq 1 300)
+ pgrep -P 5108 -f 'chrome|chromium'
+ sleep 0.1
+ for _ in $(seq 1 300)
+ pgrep -P 5108 -f 'chrome|chromium'
+ sleep 0.1
+ for _ in $(seq 1 300)
+ pgrep -P 5108 -f 'chrome|chromium'
+ break
+ pgrep -P 5108 -f 'chrome|chromium'
+ record_runner_memory_peak
+ local observed
++ systemctl show noqori-audit-runner.service --property=MemoryPeak --value
+ observed=379207680
+ case "$observed" in
+ test 379207680 -gt 0
+ test 379207680 -le 2147483648
+ test 379207680 -gt 607739904
+ systemctl kill --kill-whom=main --signal=SIGINT noqori-audit-runner.service
+ wait 4803
ISOLATED_AUDIT_FAILED
++ seq 1 100
+ for _ in $(seq 1 100)
+ test '!' -s /sys/fs/cgroup/system.slice/noqori-audit-runner.service/cgroup.procs
+ break
+ test '!' -s /sys/fs/cgroup/system.slice/noqori-audit-runner.service/cgroup.procs
++ /usr/bin/node -p 'JSON.parse(require("fs").readFileSync("/etc/noqori/audit-network.json", "utf8")).hostPublicIpv4'
+ host_public=157.90.241.241
+ blocked=(127.0.0.1 10.0.0.1 100.64.0.1 169.254.169.254 172.16.0.1 192.168.0.1 198.19.0.1 224.0.0.1 240.0.0.1 "$host_public")
+ for address in "${blocked[@]}"
+ ip netns exec noqori-audit curl --fail --connect-timeout 2 http://127.0.0.1/
+ for address in "${blocked[@]}"
+ ip netns exec noqori-audit curl --fail --connect-timeout 2 http://10.0.0.1/
+ for address in "${blocked[@]}"
+ ip netns exec noqori-audit curl --fail --connect-timeout 2 http://100.64.0.1/
+ for address in "${blocked[@]}"
+ ip netns exec noqori-audit curl --fail --connect-timeout 2 http://169.254.169.254/
+ for address in "${blocked[@]}"
+ ip netns exec noqori-audit curl --fail --connect-timeout 2 http://172.16.0.1/
+ for address in "${blocked[@]}"
+ ip netns exec noqori-audit curl --fail --connect-timeout 2 http://192.168.0.1/
+ for address in "${blocked[@]}"
+ ip netns exec noqori-audit curl --fail --connect-timeout 2 http://198.19.0.1/
+ for address in "${blocked[@]}"
+ ip netns exec noqori-audit curl --fail --connect-timeout 2 http://224.0.0.1/
+ for address in "${blocked[@]}"
+ ip netns exec noqori-audit curl --fail --connect-timeout 2 http://240.0.0.1/
+ for address in "${blocked[@]}"
+ ip netns exec noqori-audit curl --fail --connect-timeout 2 http://157.90.241.241/
+ ip netns exec noqori-audit curl -g --fail --connect-timeout 2 'http://[::1]/'
+ for address in 2130706433 0x7f000001 017700000001 '[::ffff:127.0.0.1]' '[fc00::1]' '[fe80::1]' '[ff02::1]' '[::]'
+ ip netns exec noqori-audit curl -g --fail --connect-timeout 2 http://2130706433/
+ for address in 2130706433 0x7f000001 017700000001 '[::ffff:127.0.0.1]' '[fc00::1]' '[fe80::1]' '[ff02::1]' '[::]'
+ ip netns exec noqori-audit curl -g --fail --connect-timeout 2 http://0x7f000001/
+ for address in 2130706433 0x7f000001 017700000001 '[::ffff:127.0.0.1]' '[fc00::1]' '[fe80::1]' '[ff02::1]' '[::]'
+ ip netns exec noqori-audit curl -g --fail --connect-timeout 2 http://017700000001/
+ for address in 2130706433 0x7f000001 017700000001 '[::ffff:127.0.0.1]' '[fc00::1]' '[fe80::1]' '[ff02::1]' '[::]'
+ ip netns exec noqori-audit curl -g --fail --connect-timeout 2 'http://[::ffff:127.0.0.1]/'
+ for address in 2130706433 0x7f000001 017700000001 '[::ffff:127.0.0.1]' '[fc00::1]' '[fe80::1]' '[ff02::1]' '[::]'
+ ip netns exec noqori-audit curl -g --fail --connect-timeout 2 'http://[fc00::1]/'
+ for address in 2130706433 0x7f000001 017700000001 '[::ffff:127.0.0.1]' '[fc00::1]' '[fe80::1]' '[ff02::1]' '[::]'
+ ip netns exec noqori-audit curl -g --fail --connect-timeout 2 'http://[fe80::1]/'
+ for address in 2130706433 0x7f000001 017700000001 '[::ffff:127.0.0.1]' '[fc00::1]' '[fe80::1]' '[ff02::1]' '[::]'
+ ip netns exec noqori-audit curl -g --fail --connect-timeout 2 'http://[ff02::1]/'
+ for address in 2130706433 0x7f000001 017700000001 '[::ffff:127.0.0.1]' '[fc00::1]' '[fe80::1]' '[ff02::1]' '[::]'
+ ip netns exec noqori-audit curl -g --fail --connect-timeout 2 'http://[::]/'
+ ip netns exec noqori-audit curl --fail --max-time 8 -L http://167.233.20.67/redirect-private
+ /usr/bin/node scripts/run-isolated-audit.mjs http://167.233.20.67/private-subresource --rendered
+ record_runner_memory_peak
+ local observed
++ systemctl show noqori-audit-runner.service --property=MemoryPeak --value
+ observed=628211712
+ case "$observed" in
+ test 628211712 -gt 0
+ test 628211712 -le 2147483648
+ test 628211712 -gt 607739904
+ runner_memory_peak_max=628211712
+ /usr/bin/node scripts/run-isolated-audit.mjs http://167.233.20.67/private-websocket --rendered
+ record_runner_memory_peak
+ local observed
++ systemctl show noqori-audit-runner.service --property=MemoryPeak --value
+ observed=628211712
+ case "$observed" in
+ test 628211712 -gt 0
+ test 628211712 -le 2147483648
+ test 628211712 -gt 628211712
+ /usr/bin/node scripts/run-isolated-audit.mjs http://rebind/dns-rebind --rendered
ISOLATED_AUDIT_FAILED
+ cleanup_acceptance_mode
+ test -z /run/noqori-audit/client-timeout.fX0tUL
+ rm -f /run/noqori-audit/client-timeout.fX0tUL
+ /usr/bin/node scripts/configure-browser-sandbox-acceptance-mode.mjs disable
+ systemctl try-restart noqori-audit-runner.service
